Release 14.7 - xst P.20131013 (nt64)
Copyright (c) 1995-2013 Xilinx, Inc.  All rights reserved.
--> Parameter TMPDIR set to xst/projnav.tmp


Total REAL time to Xst completion: 0.00 secs
Total CPU time to Xst completion: 0.09 secs
 
--> Parameter xsthdpdir set to xst


Total REAL time to Xst completion: 0.00 secs
Total CPU time to Xst completion: 0.09 secs
 
--> Reading design: ReadWriteControl.prj

TABLE OF CONTENTS
  1) Synthesis Options Summary
  2) HDL Parsing
  3) HDL Elaboration
  4) HDL Synthesis
       4.1) HDL Synthesis Report
  5) Advanced HDL Synthesis
       5.1) Advanced HDL Synthesis Report
  6) Low Level Synthesis
  7) Partition Report
  8) Design Summary
       8.1) Primitive and Black Box Usage
       8.2) Device utilization summary
       8.3) Partition Resource Summary
       8.4) Timing Report
            8.4.1) Clock Information
            8.4.2) Asynchronous Control Signals Information
            8.4.3) Timing Summary
            8.4.4) Timing Details
            8.4.5) Cross Clock Domains Report


=========================================================================
*                      Synthesis Options Summary                        *
=========================================================================
---- Source Parameters
Input File Name                    : "ReadWriteControl.prj"
Ignore Synthesis Constraint File   : NO

---- Target Parameters
Output File Name                   : "ReadWriteControl"
Output Format                      : NGC
Target Device                      : xc6slx45t-3-fgg484

---- Source Options
Top Module Name                    : ReadWriteControl
Automatic FSM Extraction           : YES
FSM Encoding Algorithm             : Auto
Safe Implementation                : No
FSM Style                          : LUT
RAM Extraction                     : Yes
RAM Style                          : Auto
ROM Extraction                     : Yes
Shift Register Extraction          : YES
ROM Style                          : Auto
Resource Sharing                   : YES
Asynchronous To Synchronous        : NO
Shift Register Minimum Size        : 2
Use DSP Block                      : Auto
Automatic Register Balancing       : No

---- Target Options
LUT Combining                      : Auto
Reduce Control Sets                : Auto
Add IO Buffers                     : YES
Global Maximum Fanout              : 100000
Add Generic Clock Buffer(BUFG)     : 16
Register Duplication               : YES
Optimize Instantiated Primitives   : NO
Use Clock Enable                   : Auto
Use Synchronous Set                : Auto
Use Synchronous Reset              : Auto
Pack IO Registers into IOBs        : Auto
Equivalent register Removal        : YES

---- General Options
Optimization Goal                  : Speed
Optimization Effort                : 1
Power Reduction                    : NO
Keep Hierarchy                     : No
Netlist Hierarchy                  : As_Optimized
RTL Output                         : Yes
Global Optimization                : AllClockNets
Read Cores                         : YES
Write Timing Constraints           : NO
Cross Clock Analysis               : NO
Hierarchy Separator                : /
Bus Delimiter                      : <>
Case Specifier                     : Maintain
Slice Utilization Ratio            : 100
BRAM Utilization Ratio             : 100
DSP48 Utilization Ratio            : 100
Auto BRAM Packing                  : NO
Slice Utilization Ratio Delta      : 5

=========================================================================


=========================================================================
*                          HDL Parsing                                  *
=========================================================================
Analyzing Verilog file "C:\Xilinx\Projects\PPI8255A\ReadWriteControl.v" into library work
Parsing module <ReadWriteControl>.

=========================================================================
*                            HDL Elaboration                            *
=========================================================================

Elaborating module <ReadWriteControl>.

=========================================================================
*                           HDL Synthesis                               *
=========================================================================

Synthesizing Unit <ReadWriteControl>.
    Related source file is "C:\Xilinx\Projects\PPI8255A\ReadWriteControl.v".
WARNING:Xst:737 - Found 1-bit latch for signal <Port_B>. Latches may be generated from incomplete case or if statements. We do not recommend the use of latches in FPGA/CPLD designs, as they may lead to timing problems.
WARNING:Xst:737 - Found 1-bit latch for signal <Port_C_Lower>. Latches may be generated from incomplete case or if statements. We do not recommend the use of latches in FPGA/CPLD designs, as they may lead to timing problems.
WARNING:Xst:737 - Found 1-bit latch for signal <GControl<1>>. Latches may be generated from incomplete case or if statements. We do not recommend the use of latches in FPGA/CPLD designs, as they may lead to timing problems.
WARNING:Xst:737 - Found 1-bit latch for signal <GControl<0>>. Latches may be generated from incomplete case or if statements. We do not recommend the use of latches in FPGA/CPLD designs, as they may lead to timing problems.
WARNING:Xst:737 - Found 1-bit latch for signal <Port_A>. Latches may be generated from incomplete case or if statements. We do not recommend the use of latches in FPGA/CPLD designs, as they may lead to timing problems.
    Summary:
	inferred   5 Latch(s).
Unit <ReadWriteControl> synthesized.

=========================================================================
HDL Synthesis Report

Macro Statistics
# Latches                                              : 5
 1-bit latch                                           : 5

=========================================================================

=========================================================================
*                       Advanced HDL Synthesis                          *
=========================================================================


=========================================================================
Advanced HDL Synthesis Report

Found no macro
=========================================================================

=========================================================================
*                         Low Level Synthesis                           *
=========================================================================
INFO:Xst:2261 - The FF/Latch <GControl_1> in Unit <ReadWriteControl> is equivalent to the following FF/Latch, which will be removed : <GControl_0> 

Optimizing unit <ReadWriteControl> ...

Mapping all equations...
Building and optimizing final netlist ...
Found area constraint ratio of 100 (+ 5) on block ReadWriteControl, actual ratio is 0.
Latch GControl_1 has been replicated 1 time(s) to handle iob=true attribute.
Latch Port_C_Lower has been replicated 1 time(s) to handle iob=true attribute.

Final Macro Processing ...

=========================================================================
Final Register Report

Found no macro
=========================================================================

=========================================================================
*                           Partition Report                            *
=========================================================================

Partition Implementation Status
-------------------------------

  No Partitions were found in this design.

-------------------------------

=========================================================================
*                            Design Summary                             *
=========================================================================

Top Level Output File Name         : ReadWriteControl.ngc

Primitive and Black Box Usage:
------------------------------
# BELS                             : 9
#      GND                         : 1
#      LUT6                        : 8
# FlipFlops/Latches                : 6
#      LD                          : 6
# IO Buffers                       : 13
#      IBUF                        : 6
#      OBUF                        : 7

Device utilization summary:
---------------------------

Selected Device : 6slx45tfgg484-3 


Slice Logic Utilization: 
 Number of Slice LUTs:                    8  out of  27288     0%  
    Number used as Logic:                 8  out of  27288     0%  

Slice Logic Distribution: 
 Number of LUT Flip Flop pairs used:      8
   Number with an unused Flip Flop:       8  out of      8   100%  
   Number with an unused LUT:             0  out of      8     0%  
   Number of fully used LUT-FF pairs:     0  out of      8     0%  
   Number of unique control sets:         4

IO Utilization: 
 Number of IOs:                          13
 Number of bonded IOBs:                  13  out of    296     4%  
    IOB Flip Flops/Latches:               6

Specific Feature Utilization:

---------------------------
Partition Resource Summary:
---------------------------

  No Partitions were found in this design.

---------------------------


=========================================================================
Timing Report

NOTE: THESE TIMING NUMBERS ARE ONLY A SYNTHESIS ESTIMATE.
      FOR ACCURATE TIMING INFORMATION PLEASE REFER TO THE TRACE REPORT
      GENERATED AFTER PLACE-and-ROUTE.

Clock Information:
------------------
-----------------------------------+------------------------+-------+
Clock Signal                       | Clock buffer(FF name)  | Load  |
-----------------------------------+------------------------+-------+
_n0045(_n00451:O)                  | NONE(*)(Port_A)        | 1     |
_n0047(_n00471:O)                  | NONE(*)(GControl_1)    | 2     |
_n0043(_n00431:O)                  | NONE(*)(Port_B)        | 1     |
_n0044(_n00441:O)                  | NONE(*)(Port_C_Lower)  | 2     |
-----------------------------------+------------------------+-------+
(*) These 4 clock signal(s) are generated by combinatorial logic,
and XST is not able to identify which are the primary clock signals.
Please use the CLOCK_SIGNAL constraint to specify the clock signal(s) generated by combinatorial logic.
INFO:Xst:2169 - HDL ADVISOR - Some clock signals were not automatically buffered by XST with BUFG/BUFR resources. Please use the buffer_type constraint in order to insert these buffers to the clock signals to help prevent skew problems.

Asynchronous Control Signals Information:
----------------------------------------
No asynchronous control signals found in this design

Timing Summary:
---------------
Speed Grade: -3

   Minimum period: No path found
   Minimum input arrival time before clock: 2.629ns
   Maximum output required time after clock: 3.648ns
   Maximum combinational path delay: No path found

Timing Details:
---------------
All values displayed in nanoseconds (ns)

=========================================================================
Timing constraint: Default OFFSET IN BEFORE for Clock '_n0045'
  Total number of paths / destination ports: 6 / 1
-------------------------------------------------------------------------
Offset:              2.629ns (Levels of Logic = 2)
  Source:            A0 (PAD)
  Destination:       Port_A (LATCH)
  Destination Clock: _n0045 falling

  Data Path: A0 to Port_A
                                Gate     Net
    Cell:in->out      fanout   Delay   Delay  Logical Name (Net Name)
    ----------------------------------------  ------------
     IBUF:I->O             8   1.222   1.167  A0_IBUF (A0_IBUF)
     LUT6:I0->O            1   0.203   0.000  A1_PWR_1_o_Select_9_o1 (A1_PWR_1_o_Select_9_o)
     LD:D                      0.037          Port_A
    ----------------------------------------
    Total                      2.629ns (1.462ns logic, 1.167ns route)
                                       (55.6% logic, 44.4% route)

=========================================================================
Timing constraint: Default OFFSET IN BEFORE for Clock '_n0047'
  Total number of paths / destination ports: 12 / 2
-------------------------------------------------------------------------
Offset:              2.629ns (Levels of Logic = 2)
  Source:            A1 (PAD)
  Destination:       GControl_1 (LATCH)
  Destination Clock: _n0047 falling

  Data Path: A1 to GControl_1
                                Gate     Net
    Cell:in->out      fanout   Delay   Delay  Logical Name (Net Name)
    ----------------------------------------  ------------
     IBUF:I->O             8   1.222   1.167  A1_IBUF (A1_IBUF)
     LUT6:I0->O            2   0.203   0.000  A1_GControl[1]_select_16_OUT<0>1 (A1_GControl[1]_select_16_OUT<0>)
     LD:D                      0.037          GControl_1
    ----------------------------------------
    Total                      2.629ns (1.462ns logic, 1.167ns route)
                                       (55.6% logic, 44.4% route)

=========================================================================
Timing constraint: Default OFFSET IN BEFORE for Clock '_n0043'
  Total number of paths / destination ports: 6 / 1
-------------------------------------------------------------------------
Offset:              2.629ns (Levels of Logic = 2)
  Source:            A0 (PAD)
  Destination:       Port_B (LATCH)
  Destination Clock: _n0043 falling

  Data Path: A0 to Port_B
                                Gate     Net
    Cell:in->out      fanout   Delay   Delay  Logical Name (Net Name)
    ----------------------------------------  ------------
     IBUF:I->O             8   1.222   1.167  A0_IBUF (A0_IBUF)
     LUT6:I0->O            1   0.203   0.000  A1_Port_B_Select_11_o1 (A1_Port_B_Select_11_o)
     LD:D                      0.037          Port_B
    ----------------------------------------
    Total                      2.629ns (1.462ns logic, 1.167ns route)
                                       (55.6% logic, 44.4% route)

=========================================================================
Timing constraint: Default OFFSET IN BEFORE for Clock '_n0044'
  Total number of paths / destination ports: 12 / 2
-------------------------------------------------------------------------
Offset:              2.629ns (Levels of Logic = 2)
  Source:            A1 (PAD)
  Destination:       Port_C_Lower (LATCH)
  Destination Clock: _n0044 falling

  Data Path: A1 to Port_C_Lower
                                Gate     Net
    Cell:in->out      fanout   Delay   Delay  Logical Name (Net Name)
    ----------------------------------------  ------------
     IBUF:I->O             8   1.222   1.167  A1_IBUF (A1_IBUF)
     LUT6:I0->O            2   0.203   0.000  A1_Port_C_Upper_Select_15_o1 (A1_Port_C_Upper_Select_15_o)
     LD:D                      0.037          Port_C_Lower
    ----------------------------------------
    Total                      2.629ns (1.462ns logic, 1.167ns route)
                                       (55.6% logic, 44.4% route)

=========================================================================
Timing constraint: Default OFFSET OUT AFTER for Clock '_n0047'
  Total number of paths / destination ports: 2 / 2
-------------------------------------------------------------------------
Offset:              3.648ns (Levels of Logic = 1)
  Source:            GControl_1_1 (LATCH)
  Destination:       GControl<1> (PAD)
  Source Clock:      _n0047 falling

  Data Path: GControl_1_1 to GControl<1>
                                Gate     Net
    Cell:in->out      fanout   Delay   Delay  Logical Name (Net Name)
    ----------------------------------------  ------------
     LD:G->Q               1   0.498   0.579  GControl_1_1 (GControl_1_1)
     OBUF:I->O                 2.571          GControl_1_OBUF (GControl<1>)
    ----------------------------------------
    Total                      3.648ns (3.069ns logic, 0.579ns route)
                                       (84.1% logic, 15.9% route)

=========================================================================
Timing constraint: Default OFFSET OUT AFTER for Clock '_n0045'
  Total number of paths / destination ports: 1 / 1
-------------------------------------------------------------------------
Offset:              3.648ns (Levels of Logic = 1)
  Source:            Port_A (LATCH)
  Destination:       Port_A (PAD)
  Source Clock:      _n0045 falling

  Data Path: Port_A to Port_A
                                Gate     Net
    Cell:in->out      fanout   Delay   Delay  Logical Name (Net Name)
    ----------------------------------------  ------------
     LD:G->Q               1   0.498   0.579  Port_A (Port_A_OBUF)
     OBUF:I->O                 2.571          Port_A_OBUF (Port_A)
    ----------------------------------------
    Total                      3.648ns (3.069ns logic, 0.579ns route)
                                       (84.1% logic, 15.9% route)

=========================================================================
Timing constraint: Default OFFSET OUT AFTER for Clock '_n0043'
  Total number of paths / destination ports: 1 / 1
-------------------------------------------------------------------------
Offset:              3.648ns (Levels of Logic = 1)
  Source:            Port_B (LATCH)
  Destination:       Port_B (PAD)
  Source Clock:      _n0043 falling

  Data Path: Port_B to Port_B
                                Gate     Net
    Cell:in->out      fanout   Delay   Delay  Logical Name (Net Name)
    ----------------------------------------  ------------
     LD:G->Q               1   0.498   0.579  Port_B (Port_B_OBUF)
     OBUF:I->O                 2.571          Port_B_OBUF (Port_B)
    ----------------------------------------
    Total                      3.648ns (3.069ns logic, 0.579ns route)
                                       (84.1% logic, 15.9% route)

=========================================================================
Timing constraint: Default OFFSET OUT AFTER for Clock '_n0044'
  Total number of paths / destination ports: 2 / 2
-------------------------------------------------------------------------
Offset:              3.648ns (Levels of Logic = 1)
  Source:            Port_C_Lower_1 (LATCH)
  Destination:       Port_C_Upper (PAD)
  Source Clock:      _n0044 falling

  Data Path: Port_C_Lower_1 to Port_C_Upper
                                Gate     Net
    Cell:in->out      fanout   Delay   Delay  Logical Name (Net Name)
    ----------------------------------------  ------------
     LD:G->Q               1   0.498   0.579  Port_C_Lower_1 (Port_C_Lower_1)
     OBUF:I->O                 2.571          Port_C_Upper_OBUF (Port_C_Upper)
    ----------------------------------------
    Total                      3.648ns (3.069ns logic, 0.579ns route)
                                       (84.1% logic, 15.9% route)

=========================================================================

Cross Clock Domains Report:
--------------------------

=========================================================================


Total REAL time to Xst completion: 4.00 secs
Total CPU time to Xst completion: 4.34 secs
 
--> 

Total memory usage is 4509436 kilobytes

Number of errors   :    0 (   0 filtered)
Number of warnings :    5 (   0 filtered)
Number of infos    :    2 (   0 filtered)

